[KKLINIKIN.in/index.html]
[backblue.gif]
[fade.gif]
[index.html]
[KKLINIKIN.in/wp-content/plugins/header-footer-elementor/inc/widgets-css/frontend254d.css]
[KKLINIKIN.in/wp-content/plugins/contact-form-7/includes/css/stylesfc7a.css]
[KKLINIKIN.in/comments/feed/index.html]
[KKLINIKIN.in/web-stories/feed/index.html]
[KKLINIKIN.in/wp-content/plugins/wpcf7-redirect/build/assets/frontend-script185c.css]
[KKLINIKIN.in/wp-content/plugins/complianz-gdpr/assets/css/cookieblocker.min3212.css]
[KKLINIKIN.in/feed/index.html]
[KKLINIKIN.in/wp-content/plugins/header-footer-elementor/assets/css/header-footer-elementor254d.css]
[KKLINIKIN.in/wp-content/plugins/elementor/assets/lib/eicons/css/elementor-icons.min4e44.css]
[KKLINIKIN.in/wp-content/plugins/elementor/assets/css/frontend.min89ce.css]
[KKLINIKIN.in/wp-content/uploads/elementor/css/post-50143348.css]
[KKLINIKIN.in/wp-content/plugins/elementor/assets/css/widget-heading.min89ce.css]
[KKLINIKIN.in/wp-content/plugins/elementor/assets/lib/animations/styles/fadeInLeft.min89ce.css]
[KKLINIKIN.in/wp-content/plugins/elementor/assets/css/widget-text-editor.min89ce.css]
[KKLINIKIN.in/wp-content/plugins/elementor/assets/lib/swiper/v8/css/swiper.min94a4.css]
[KKLINIKIN.in/wp-content/plugins/elementor/assets/css/conditionals/e-swiper.min89ce.css]
[KKLINIKIN.in/wp-content/plugins/elementor/assets/css/widget-icon-box.min89ce.css]
[KKLINIKIN.in/wp-content/plugins/elementor/assets/css/widget-image-box.min89ce.css]
[KKLINIKIN.in/wp-content/plugins/elementor/assets/css/widget-icon-list.min89ce.css]
[KKLINIKIN.in/wp-content/plugins/elementor/assets/css/widget-image.min89ce.css]
[KKLINIKIN.in/wp-content/plugins/elementor/assets/lib/animations/styles/fadeInRight.min89ce.css]
[KKLINIKIN.in/wp-content/plugins/elementor/assets/lib/animations/styles/fadeInUp.min89ce.css]
[KKLINIKIN.in/wp-content/plugins/elementor/assets/css/widget-toggle.min89ce.css]
[KKLINIKIN.in/wp-content/uploads/elementor/css/post-5016644a.css]
[KKLINIKIN.in/wp-content/uploads/elementor/css/post-5367644a.css]
[KKLINIKIN.in/wp-content/uploads/elementor/css/post-5383644a.css]
[KKLINIKIN.in/wp-content/plugins/widget-google-reviews/assets/css/public-main74e5.css]
[KKLINIKIN.in/wp-content/themes/twentytwenty/style98a9.css]
[KKLINIKIN.in/wp-content/themes/twentytwenty/assets/css/font-inter98a9.css]
[KKLINIKIN.in/wp-content/themes/twentytwenty/print98a9.css]
[KKLINIKIN.in/wp-content/plugins/chaty/css/chaty-front.minab0d.css]
[KKLINIKIN.in/wp-content/plugins/elementor/assets/lib/eicons/css/elementor-icons.min705c.css]
[KKLINIKIN.in/wp-content/plugins/elementor/assets/css/widget-icon-list.min44b4.css]
[KKLINIKIN.in/wp-content/plugins/elementor/assets/css/widget-social-icons.min2401.css]
[KKLINIKIN.in/wp-content/plugins/elementor/assets/lib/font-awesome/css/brands52d5.css]
[KKLINIKIN.in/wp-content/plugins/elementor/assets/lib/font-awesome/css/fontawesome52d5.css]
[KKLINIKIN.in/wp-content/plugins/elementor/assets/lib/font-awesome/css/solid52d5.css]
[KKLINIKIN.in/wp-content/uploads/elementor/google-fonts/css/ralewaye929.css]
[KKLINIKIN.in/wp-content/uploads/elementor/google-fonts/css/robotoslabe929.css]
[KKLINIKIN.in/wp-content/uploads/elementor/google-fonts/css/roboto8003.css]
[KKLINIKIN.in/wp-content/uploads/elementor/google-fonts/css/inter7129.css]
[KKLINIKIN.in/wp-content/plugins/elementor/assets/lib/font-awesome/css/fontawesome.min52d5.css]
[KKLINIKIN.in/wp-content/plugins/elementor/assets/lib/font-awesome/css/solid.min52d5.css]
[KKLINIKIN.in/wp-content/plugins/elementor/assets/lib/font-awesome/css/regular.min52d5.css]
[KKLINIKIN.in/wp-content/plugins/elementor/assets/lib/font-awesome/css/brands.min52d5.css]
[KKLINIKIN.in/wp-content/plugins/burst-statistics/helpers/timeme/timeme.minee47.js]
[KKLINIKIN.in/wp-content/plugins/burst-statistics/assets/js/build/burst.minee47.js]
[KKLINIKIN.in/wp-includes/js/jquery/jquery.minf43b.js]
[KKLINIKIN.in/wp-includes/js/jquery/jquery-migrate.min5589.js]
[KKLINIKIN.in/wp-content/plugins/widget-google-reviews/assets/js/public-main74e5.js]
[KKLINIKIN.in/wp-content/themes/twentytwenty/assets/js/index98a9.js]
[KKLINIKIN.in/wp-json/index.html]
[KKLINIKIN.in/wp-json/wp/v2/pages/5016.json]
[KKLINIKIN.in/xmlrpc0db0.php]
[KKLINIKIN.in/wp-json/oembed/1.0/embedab51.json]
[KKLINIKIN.in/wp-json/oembed/1.0/embedb839]
[pagead2.googlesyndication.com/pagead/js/fcb0b.txt]
[KKLINIKIN.in/wp-content/uploads/2022/02/cropped-KKLINIKIN-Site-Logo-32x32.png]
[KKLINIKIN.in/wp-content/uploads/2022/02/cropped-KKLINIKIN-Site-Logo-192x192.png]
[KKLINIKIN.in/wp-content/uploads/2022/02/cropped-KKLINIKIN-Site-Logo-180x180.png]
[KKLINIKIN.in/wp-content/uploads/elementor/thumbs/KKLINIKIN-lOGO-e1641405075642-piks9p2tjzevsgf4jdof76i49hvygm1u3wzupigolc.png]
[KKLINIKIN.in/wp-content/uploads/2022/01/best-practice.png]
[KKLINIKIN.in/wp-content/uploads/2022/01/hospital.png]
[KKLINIKIN.in/wp-content/uploads/2022/01/doctor.png]
[KKLINIKIN.in/wp-content/uploads/2022/01/pexels-karolina-grabowska-4506110.jpg]
[KKLINIKIN.in/about-us/index.html]
[KKLINIKIN.in/wp-content/uploads/2022/01/pexels-ryutaro-tsukata-5473215.jpg]
[KKLINIKIN.in/wp-content/uploads/2022/01/yellow-Ellipse.png]
[KKLINIKIN.in/wp-content/uploads/2022/01/spine.png]
[KKLINIKIN.in/wp-content/uploads/2022/01/massage.png]
[KKLINIKIN.in/services/index.html]
[KKLINIKIN.in/wp-content/uploads/2022/01/solidarity.png]
[KKLINIKIN.in/wp-content/uploads/2022/01/brain.png]
[KKLINIKIN.in/wp-content/uploads/2022/01/dumbell.png]
[KKLINIKIN.in/wp-content/uploads/2022/01/knee.png]
[KKLINIKIN.in/corporate-wellness/index.html]
[KKLINIKIN.in/wp-content/uploads/2023/07/Startup-India-KKLINIKIN.jpg]
[KKLINIKIN.in/wp-content/uploads/2023/07/KKLINIKIN-MSME-Certificate.png]
[KKLINIKIN.in/wp-content/uploads/2023/07/KKLINIKIN-START-UP-1.pdf]
[KKLINIKIN.in/wp-content/uploads/2022/01/pexels-karolina-grabowska-4506107-1-scaled.jpg]
[KKLINIKIN.in/wp-content/uploads/2022/01/physiotherapy.png]
[KKLINIKIN.in/spine-physiotherapy/index.html]
[KKLINIKIN.in/wp-content/uploads/2022/01/idea.png]
[KKLINIKIN.in/wp-content/uploads/2022/01/healing.png]
[KKLINIKIN.in/rehabilitation-after-surgery/index.html]
[KKLINIKIN.in/wp-content/plugins/widget-google-reviews/assets/img/guest.png]
[KKLINIKIN.in/wp-content/uploads/2022/03/Get-Physiotherapy-at-home-in-Delhi-NCR-1024x705.png]
[KKLINIKIN.in/wp-content/uploads/2022/02/KKLINIKIN-Frozen-Shoulder-1920-×-1321-px-1024x705.png]
[KKLINIKIN.in/wp-content/uploads/2022/01/pexels-andrea-piacquadio-3760275.jpg]
[KKLINIKIN.in/cardiopulmonary-conditioning/index.html]
[KKLINIKIN.in/wp-content/uploads/2023/01/ANI-KKLINIKIN.png]
[KKLINIKIN.in/wp-content/uploads/2022/05/KKLINIKIN-News-300x300.png]
[KKLINIKIN.in/wp-content/uploads/2023/01/The-Print-KKLINIKIN.png]
[KKLINIKIN.in/neuro-physiotherapy/index.html]
[KKLINIKIN.in/wp-content/uploads/2022/05/News-KKLINIKIN.png]
[KKLINIKIN.in/wp-content/uploads/2023/01/Asian-News-KKLINIKIN.png]
[KKLINIKIN.in/wp-content/uploads/elementor/thumbs/KKLINIKIN-lOGO1-e1641405439599-piksj782nof96im51hkmes5whr1kafs4qygle8ddog.png]
[KKLINIKIN.in/wp-includes/js/dist/hooks.min4fdd.js]
[KKLINIKIN.in/deconditioning/index.html]
[KKLINIKIN.in/wp-includes/js/dist/i18n.minc33c.js]
[KKLINIKIN.in/wp-content/plugins/contact-form-7/includes/swv/js/indexfc7a.js]
[KKLINIKIN.in/wp-content/plugins/contact-form-7/includes/js/indexfc7a.js]
[KKLINIKIN.in/wp-content/plugins/wpcf7-redirect/build/assets/frontend-script185c.js]
[KKLINIKIN.in/orthopedic-physiotherapy/index.html]
[KKLINIKIN.in/wp-content/plugins/chaty/js/cht-front-script.minab0d.js]
[KKLINIKIN.in/wp-content/plugins/header-footer-elementor/inc/js/frontend254d.js]
[KKLINIKIN.in/wp-content/plugins/elementor/assets/js/webpack.runtime.min89ce.js]
[KKLINIKIN.in/wp-content/plugins/elementor/assets/js/frontend-modules.min89ce.js]
[KKLINIKIN.in/sports-rehabilitation/index.html]
[KKLINIKIN.in/wp-includes/js/jquery/ui/core.minb37e.js]
[KKLINIKIN.in/index.html]
[KKLINIKIN.in/xmlrpc.php]
[KKLINIKIN.in/wp-content/plugins/elementor/assets/js/frontend.min89ce.js]
[KKLINIKIN.in/wp-content/plugins/header-footer-elementor/inc/widgets-css/frontend254d.css]
[KKLINIKIN.in/geriatrics-care/index.html]
[KKLINIKIN.in/faqs/index.html]
[KKLINIKIN.in/wp-content/plugins/contact-form-7/includes/css/stylesfc7a.css]
[KKLINIKIN.in/become-a-partner/index.html]
[KKLINIKIN.in/techniques/index.html]
[KKLINIKIN.in/contact-us/index.html]
[KKLINIKIN.in/wp-content/plugins/wpcf7-redirect/build/assets/frontend-script185c.css]
[KKLINIKIN.in/wp-content/plugins/complianz-gdpr/assets/css/cookieblocker.min3212.css]
[KKLINIKIN.in/pay-now/index.html]
[KKLINIKIN.in/wp-content/plugins/header-footer-elementor/assets/css/header-footer-elementor254d.css]
[KKLINIKIN.in/physio-at-home/index.html]
[KKLINIKIN.in/why-physiotherapy-at-home-is-important/index.html]
[KKLINIKIN.in/signs-and-symptoms-for-frozen-shoulder/index.html]
[KKLINIKIN.in/sciatica/index.html]
[KKLINIKIN.in/blog-2/index.html]
[KKLINIKIN.in/wp-content/plugins/elementor/assets/lib/eicons/fonts/eiconsfcca.eot]
[KKLINIKIN.in/physiotherapist-at-home-in-delhi/index.html]
[KKLINIKIN.in/wp-content/plugins/elementor/assets/lib/eicons/fonts/eiconsfcca.woff2]
[KKLINIKIN.in/wp-content/plugins/elementor/assets/lib/eicons/fonts/eiconsfcca.woff]
[KKLINIKIN.in/physio-at-home-in-gurgaon/index.html]
[KKLINIKIN.in/wp-content/plugins/elementor/assets/lib/eicons/fonts/eiconsfcca.ttf]
[KKLINIKIN.in/wp-content/plugins/elementor/assets/lib/eicons/css/elementor-icons.min4e44.css]
[KKLINIKIN.in/wp-content/plugins/elementor/assets/css/frontend.min89ce.css]
[KKLINIKIN.in/physio-at-home-in-noida/index.html]
[KKLINIKIN.in/wp-content/uploads/elementor/css/post-50143348.css]
[KKLINIKIN.in/wp-content/plugins/elementor/assets/css/widget-heading.min89ce.css]
[KKLINIKIN.in/wp-content/plugins/elementor/assets/lib/animations/styles/fadeInLeft.min89ce.css]
[KKLINIKIN.in/wp-content/plugins/elementor/assets/css/widget-text-editor.min89ce.css]
[KKLINIKIN.in/wp-content/plugins/elementor/assets/lib/swiper/v8/css/swiper.min94a4.css]
[KKLINIKIN.in/wp-content/plugins/elementor/assets/css/conditionals/e-swiper.min89ce.css]
[KKLINIKIN.in/wp-content/plugins/elementor/assets/css/widget-icon-box.min89ce.css]
[KKLINIKIN.in/wp-content/plugins/elementor/assets/css/widget-image-box.min89ce.css]
[KKLINIKIN.in/wp-content/plugins/elementor/assets/css/widget-icon-list.min89ce.css]
[KKLINIKIN.in/wp-content/plugins/elementor/assets/css/widget-image.min89ce.css]
[KKLINIKIN.in/wp-content/plugins/elementor/assets/lib/animations/styles/fadeInRight.min89ce.css]
[KKLINIKIN.in/wp-content/plugins/elementor/assets/lib/animations/styles/fadeInUp.min89ce.css]
[KKLINIKIN.in/wp-content/plugins/elementor/assets/css/widget-toggle.min89ce.css]
[KKLINIKIN.in/physio-at-home-in-ghaziabad/index.html]
[KKLINIKIN.in/physiotherapy-at-home-in-indirapuram/index.html]
[KKLINIKIN.in/wp-content/uploads/2022/01/bg-about-line2x-e1621773952171.png]
[KKLINIKIN.in/wp-content/uploads/2022/01/circle-pattern-2x.png]
[KKLINIKIN.in/wp-content/uploads/2022/01/pexels-ryutaro-tsukata-5473182-scaled.jpg]
[KKLINIKIN.in/wp-content/uploads/2022/01/pexels-ryutaro-tsukata-5473184-1.jpg]
[KKLINIKIN.in/wp-content/uploads/2022/01/circle-pattern-2-2x.png]
[KKLINIKIN.in/wp-content/uploads/elementor/css/post-5016644a.css]
[KKLINIKIN.in/wp-content/uploads/elementor/css/post-5367644a.css]
[KKLINIKIN.in/wp-content/uploads/elementor/css/post-5383644a.css]
[KKLINIKIN.in/wp-content/plugins/widget-google-reviews/assets/css/public-main74e5.css]
[KKLINIKIN.in/wp-content/themes/twentytwenty/assets/fonts/inter/Inter-upright-var.woff2]
[KKLINIKIN.in/wp-content/themes/twentytwenty/assets/fonts/inter/Inter-italic-var.woff2]
[KKLINIKIN.in/wp-content/themes/twentytwenty/style98a9.css]
[KKLINIKIN.in/wp-content/themes/twentytwenty/assets/css/font-inter98a9.css]
[KKLINIKIN.in/wp-content/themes/twentytwenty/print98a9.css]
[KKLINIKIN.in/wp-content/plugins/chaty/images/whatsapp.png]
[KKLINIKIN.in/wp-content/plugins/chaty/images/whatsapp-welcome-popup.png]
[KKLINIKIN.in/wp-content/plugins/chaty/images/header-top.png]
[KKLINIKIN.in/wp-content/plugins/chaty/images/header-bottom.png]
[KKLINIKIN.in/wp-content/plugins/chaty/css/chaty-front.minab0d.css]
[KKLINIKIN.in/wp-content/plugins/elementor/assets/lib/eicons/css/elementor-icons.min705c.css]
[KKLINIKIN.in/wp-content/plugins/elementor/assets/css/widget-icon-list.min44b4.css]
[KKLINIKIN.in/wp-content/plugins/elementor/assets/css/widget-social-icons.min2401.css]
[KKLINIKIN.in/wp-content/plugins/elementor/assets/lib/font-awesome/webfonts/fa-brands-400.eot]
[KKLINIKIN.in/wp-content/plugins/elementor/assets/lib/font-awesome/webfonts/fa-brands-400d41d.eot]
[KKLINIKIN.in/wp-content/plugins/elementor/assets/lib/font-awesome/webfonts/fa-brands-400.woff2]
[KKLINIKIN.in/wp-content/plugins/elementor/assets/lib/font-awesome/webfonts/fa-brands-400.woff]
[KKLINIKIN.in/wp-content/plugins/elementor/assets/lib/font-awesome/webfonts/fa-brands-400.ttf]
[KKLINIKIN.in/wp-content/plugins/elementor/assets/lib/font-awesome/css/brands52d5.css]
[KKLINIKIN.in/wp-content/plugins/elementor/assets/lib/font-awesome/css/fontawesome52d5.css]
[KKLINIKIN.in/wp-content/plugins/elementor/assets/lib/font-awesome/webfonts/fa-solid-900.eot]
[KKLINIKIN.in/wp-content/plugins/elementor/assets/lib/font-awesome/webfonts/fa-solid-900d41d.eot]
[KKLINIKIN.in/wp-content/plugins/elementor/assets/lib/font-awesome/webfonts/fa-solid-900.woff2]
[KKLINIKIN.in/wp-content/plugins/elementor/assets/lib/font-awesome/webfonts/fa-solid-900.woff]
[KKLINIKIN.in/wp-content/plugins/elementor/assets/lib/font-awesome/webfonts/fa-solid-900.ttf]
[KKLINIKIN.in/wp-content/plugins/elementor/assets/lib/font-awesome/css/solid52d5.css]
[KKLINIKIN.in/wp-content/uploads/elementor/google-fonts/fonts/raleway-1ptsg8zys_skggpnycg4qifqpfe.woff2]
[KKLINIKIN.in/wp-content/uploads/elementor/google-fonts/fonts/raleway-1ptsg8zys_skggpnycg4syfqpfe.woff2]
[KKLINIKIN.in/wp-content/uploads/elementor/google-fonts/fonts/raleway-1ptsg8zys_skggpnycg4qofqpfe.woff2]
[KKLINIKIN.in/wp-content/uploads/elementor/google-fonts/fonts/raleway-1ptsg8zys_skggpnycg4q4fqpfe.woff2]
[KKLINIKIN.in/wp-content/uploads/elementor/google-fonts/fonts/raleway-1ptsg8zys_skggpnycg4tyfq.woff2]
[KKLINIKIN.in/wp-content/uploads/elementor/google-fonts/fonts/raleway-1ptug8zys_skggpnycait5lu.woff2]
[KKLINIKIN.in/wp-content/uploads/elementor/google-fonts/fonts/raleway-1ptug8zys_skggpnyckit5lu.woff2]
[KKLINIKIN.in/wp-content/uploads/elementor/google-fonts/fonts/raleway-1ptug8zys_skggpnyciit5lu.woff2]
[KKLINIKIN.in/wp-content/uploads/elementor/google-fonts/fonts/raleway-1ptug8zys_skggpnycmit5lu.woff2]
[KKLINIKIN.in/wp-content/uploads/elementor/google-fonts/fonts/raleway-1ptug8zys_skggpnyc0itw.woff2]
[KKLINIKIN.in/wp-content/uploads/elementor/google-fonts/css/ralewaye929.css]
[KKLINIKIN.in/wp-content/uploads/elementor/google-fonts/fonts/robotoslab-bngmuxzytxpivibgjjsb6ufa5qw54a.woff2]
[KKLINIKIN.in/wp-content/uploads/elementor/google-fonts/fonts/robotoslab-bngmuxzytxpivibgjjsb6ufj5qw54a.woff2]
[KKLINIKIN.in/wp-content/uploads/elementor/google-fonts/fonts/robotoslab-bngmuxzytxpivibgjjsb6ufb5qw54a.woff2]
[KKLINIKIN.in/wp-content/uploads/elementor/google-fonts/fonts/robotoslab-bngmuxzytxpivibgjjsb6ufo5qw54a.woff2]
[KKLINIKIN.in/wp-content/uploads/elementor/google-fonts/fonts/robotoslab-bngmuxzytxpivibgjjsb6ufc5qw54a.woff2]
[KKLINIKIN.in/wp-content/uploads/elementor/google-fonts/fonts/robotoslab-bngmuxzytxpivibgjjsb6ufd5qw54a.woff2]
[KKLINIKIN.in/wp-content/uploads/elementor/google-fonts/fonts/robotoslab-bngmuxzytxpivibgjjsb6ufn5qu.woff2]
[KKLINIKIN.in/wp-content/uploads/elementor/google-fonts/css/robotoslabe929.css]
[KKLINIKIN.in/wp-content/uploads/elementor/google-fonts/fonts/roboto-kfo5cnqeu92fr1mu53zec9_vu3r1gihoszmkc3kawzu.woff2]
[KKLINIKIN.in/wp-content/uploads/elementor/google-fonts/fonts/roboto-kfo5cnqeu92fr1mu53zec9_vu3r1gihoszmkankawzu.woff2]
[KKLINIKIN.in/wp-content/uploads/elementor/google-fonts/fonts/roboto-kfo5cnqeu92fr1mu53zec9_vu3r1gihoszmkcnkawzu.woff2]
[KKLINIKIN.in/wp-content/uploads/elementor/google-fonts/fonts/roboto-kfo5cnqeu92fr1mu53zec9_vu3r1gihoszmkbxkawzu.woff2]
[KKLINIKIN.in/wp-content/uploads/elementor/google-fonts/fonts/roboto-kfo5cnqeu92fr1mu53zec9_vu3r1gihoszmkenkawzu.woff2]
[KKLINIKIN.in/wp-content/uploads/elementor/google-fonts/fonts/roboto-kfo5cnqeu92fr1mu53zec9_vu3r1gihoszmkahkawzu.woff2]
[KKLINIKIN.in/wp-content/uploads/elementor/google-fonts/fonts/roboto-kfo5cnqeu92fr1mu53zec9_vu3r1gihoszmkcxkawzu.woff2]
[KKLINIKIN.in/wp-content/uploads/elementor/google-fonts/fonts/roboto-kfo5cnqeu92fr1mu53zec9_vu3r1gihoszmkchkawzu.woff2]
[KKLINIKIN.in/wp-content/uploads/elementor/google-fonts/fonts/roboto-kfo5cnqeu92fr1mu53zec9_vu3r1gihoszmkbnka.woff2]
[KKLINIKIN.in/wp-content/uploads/elementor/google-fonts/fonts/roboto-kfo7cnqeu92fr1me7ksn66agldtyluama3gubgee.woff2]
[KKLINIKIN.in/wp-content/uploads/elementor/google-fonts/fonts/roboto-kfo7cnqeu92fr1me7ksn66agldtyluama3iubgee.woff2]
[KKLINIKIN.in/wp-content/uploads/elementor/google-fonts/fonts/roboto-kfo7cnqeu92fr1me7ksn66agldtyluama3cubgee.woff2]
[KKLINIKIN.in/wp-content/uploads/elementor/google-fonts/fonts/roboto-kfo7cnqeu92fr1me7ksn66agldtyluama3-ubgee.woff2]
[KKLINIKIN.in/wp-content/uploads/elementor/google-fonts/fonts/roboto-kfo7cnqeu92fr1me7ksn66agldtyluamawcubgee.woff2]
[KKLINIKIN.in/wp-content/uploads/elementor/google-fonts/fonts/roboto-kfo7cnqeu92fr1me7ksn66agldtyluamaxkubgee.woff2]
[KKLINIKIN.in/wp-content/uploads/elementor/google-fonts/fonts/roboto-kfo7cnqeu92fr1me7ksn66agldtyluama3oubgee.woff2]
[KKLINIKIN.in/wp-content/uploads/elementor/google-fonts/fonts/roboto-kfo7cnqeu92fr1me7ksn66agldtyluama3kubgee.woff2]
[KKLINIKIN.in/wp-content/uploads/elementor/google-fonts/fonts/roboto-kfo7cnqeu92fr1me7ksn66agldtyluama3yuba.woff2]
[KKLINIKIN.in/wp-content/uploads/elementor/google-fonts/css/roboto8003.css]
[KKLINIKIN.in/wp-content/uploads/elementor/google-fonts/fonts/inter-ucc53fwrk3iltcvneqg7ca725jhhknnqk6l0uumjng.woff2]
[KKLINIKIN.in/wp-content/uploads/elementor/google-fonts/fonts/inter-ucc53fwrk3iltcvneqg7ca725jhhknnqk6l9uumjng.woff2]
[KKLINIKIN.in/wp-content/uploads/elementor/google-fonts/fonts/inter-ucc53fwrk3iltcvneqg7ca725jhhknnqk6l1uumjng.woff2]
[KKLINIKIN.in/wp-content/uploads/elementor/google-fonts/fonts/inter-ucc53fwrk3iltcvneqg7ca725jhhknnqk6l6uumjng.woff2]
[KKLINIKIN.in/wp-content/uploads/elementor/google-fonts/fonts/inter-ucc53fwrk3iltcvneqg7ca725jhhknnqk6l2uumjng.woff2]
[KKLINIKIN.in/wp-content/uploads/elementor/google-fonts/fonts/inter-ucc53fwrk3iltcvneqg7ca725jhhknnqk6l3uumjng.woff2]
[KKLINIKIN.in/wp-content/uploads/elementor/google-fonts/fonts/inter-ucc53fwrk3iltcvneqg7ca725jhhknnqk6l5uum.woff2]
[KKLINIKIN.in/wp-content/uploads/elementor/google-fonts/fonts/inter-ucc73fwrk3iltehus_nvmrmxcp50sjia2jl7suc.woff2]
[KKLINIKIN.in/wp-content/uploads/elementor/google-fonts/fonts/inter-ucc73fwrk3iltehus_nvmrmxcp50sjia0zl7suc.woff2]
[KKLINIKIN.in/wp-content/uploads/elementor/google-fonts/fonts/inter-ucc73fwrk3iltehus_nvmrmxcp50sjia2zl7suc.woff2]
[KKLINIKIN.in/wp-content/uploads/elementor/google-fonts/fonts/inter-ucc73fwrk3iltehus_nvmrmxcp50sjia1pl7suc.woff2]
[KKLINIKIN.in/wp-content/uploads/elementor/google-fonts/fonts/inter-ucc73fwrk3iltehus_nvmrmxcp50sjia2pl7suc.woff2]
[KKLINIKIN.in/wp-content/uploads/elementor/google-fonts/fonts/inter-ucc73fwrk3iltehus_nvmrmxcp50sjia25l7suc.woff2]
[KKLINIKIN.in/wp-content/uploads/elementor/google-fonts/fonts/inter-ucc73fwrk3iltehus_nvmrmxcp50sjia1zl7.woff2]
[KKLINIKIN.in/wp-content/uploads/elementor/google-fonts/css/inter7129.css]
[KKLINIKIN.in/wp-content/plugins/elementor/assets/lib/font-awesome/css/fontawesome.min52d5.css]
[KKLINIKIN.in/wp-content/plugins/elementor/assets/lib/font-awesome/css/solid.min52d5.css]
[KKLINIKIN.in/wp-content/plugins/elementor/assets/lib/font-awesome/webfonts/fa-regular-400.eot]
[KKLINIKIN.in/wp-content/plugins/elementor/assets/lib/font-awesome/webfonts/fa-regular-400d41d.eot]
[KKLINIKIN.in/wp-content/plugins/elementor/assets/lib/font-awesome/webfonts/fa-regular-400.woff2]
[KKLINIKIN.in/wp-content/plugins/elementor/assets/lib/font-awesome/webfonts/fa-regular-400.woff]
[KKLINIKIN.in/wp-content/plugins/elementor/assets/lib/font-awesome/webfonts/fa-regular-400.ttf]
[KKLINIKIN.in/wp-content/plugins/elementor/assets/lib/font-awesome/css/regular.min52d5.css]
[KKLINIKIN.in/wp-content/plugins/elementor/assets/lib/font-awesome/css/brands.min52d5.css]
[www.googletagmanager.com/gtm5445.html]
[KKLINIKIN.in/wp-content/uploads/elementor/css/post-50353c36.css]
[KKLINIKIN.in/wp-json/wp/v2/pages/5035.json]
[KKLINIKIN.in/wp-json/oembed/1.0/embeddcaa.json]
[KKLINIKIN.in/wp-json/oembed/1.0/embeda9b9]
[KKLINIKIN.in/wp-content/uploads/2022/01/integration.png]
[KKLINIKIN.in/wp-content/uploads/2022/01/teamwork.png]
[KKLINIKIN.in/wp-content/uploads/2022/01/compassion.png]
[KKLINIKIN.in/wp-content/uploads/2022/01/respect.png]
[KKLINIKIN.in/wp-content/uploads/2022/01/healing-1.png]
[KKLINIKIN.in/wp-content/uploads/2022/01/excellence.png]
[KKLINIKIN.in/wp-content/uploads/2022/01/pexels-rodnae-productions-8312894.jpg]
[KKLINIKIN.in/about-us/index.html]
[KKLINIKIN.in/wp-content/uploads/elementor/css/post-50375a9f.css]
[KKLINIKIN.in/wp-json/wp/v2/pages/5037.json]
[KKLINIKIN.in/wp-json/oembed/1.0/embedfc33.json]
[KKLINIKIN.in/wp-json/oembed/1.0/embedf568]
[KKLINIKIN.in/services/index.html]
[KKLINIKIN.in/wp-content/uploads/elementor/css/post-72535a9f.css]
[KKLINIKIN.in/wp-json/wp/v2/pages/7253.json]
[KKLINIKIN.in/wp-json/oembed/1.0/embedc50e.json]
[KKLINIKIN.in/wp-json/oembed/1.0/embede6ae]
[KKLINIKIN.in/wp-content/uploads/2022/05/close-up-doctor-checking-leg.jpg]
[KKLINIKIN.in/wp-content/uploads/2022/06/WhatsApp-Image-2022-06-14-at-4.13.28-PM-1.jpg]
[KKLINIKIN.in/wp-content/uploads/2022/06/Corporate-Wellness-1024x683.jpg]
[KKLINIKIN.in/wp-content/uploads/2022/06/WhatsApp-Image-2022-06-14-at-4.13.28-PM-768x461.jpg]
[KKLINIKIN.in/wp-content/uploads/2022/06/WhatsApp-Image-2022-06-14-at-4.13.28-PM.jpg]
[KKLINIKIN.in/corporate-wellness/index.html]
[KKLINIKIN.in/wp-content/uploads/elementor/css/post-5649c905.css]
[KKLINIKIN.in/wp-json/wp/v2/pages/5649.json]
[KKLINIKIN.in/wp-json/oembed/1.0/embed1ede.json]
[KKLINIKIN.in/wp-json/oembed/1.0/embeddb75]
[KKLINIKIN.in/wp-content/uploads/2022/01/pexels-anete-lusina-5240697-scaled.jpg]
[KKLINIKIN.in/spine-physiotherapy/index.html]
[KKLINIKIN.in/wp-content/uploads/elementor/css/post-5661df5f.css]
[KKLINIKIN.in/wp-json/wp/v2/pages/5661.json]
[KKLINIKIN.in/wp-json/oembed/1.0/embede872.json]
[KKLINIKIN.in/wp-json/oembed/1.0/embed3a7d]
[KKLINIKIN.in/wp-content/uploads/2022/01/pexels-anete-lusina-5240642-scaled.jpg]
[KKLINIKIN.in/wp-content/uploads/2022/01/pexels-karolina-grabowska-4506164-scaled.jpg]
[KKLINIKIN.in/rehabilitation-after-surgery/index.html]
[KKLINIKIN.in/wp-content/uploads/elementor/css/post-5670072a.css]
[KKLINIKIN.in/wp-json/wp/v2/pages/5670.json]
[KKLINIKIN.in/wp-json/oembed/1.0/embed9f80.json]
[KKLINIKIN.in/wp-json/oembed/1.0/embedd58f]
[KKLINIKIN.in/wp-content/uploads/2022/01/pexels-karolina-grabowska-4498299-scaled.jpg]
[KKLINIKIN.in/wp-content/uploads/2022/01/pexels-yan-krukov-5793697-scaled.jpg]
[KKLINIKIN.in/cardiopulmonary-conditioning/index.html]
[KKLINIKIN.in/wp-content/uploads/elementor/css/post-56754347.css]
[KKLINIKIN.in/wp-json/wp/v2/pages/5675.json]
[KKLINIKIN.in/wp-json/oembed/1.0/embed8f1a.json]
[KKLINIKIN.in/wp-json/oembed/1.0/embedbd62]
[KKLINIKIN.in/wp-content/uploads/2022/01/pexels-ryutaro-tsukata-5473186-1-scaled.jpg]
[KKLINIKIN.in/neuro-physiotherapy/index.html]
[KKLINIKIN.in/wp-content/uploads/elementor/css/post-56807311.css]
[KKLINIKIN.in/wp-json/wp/v2/pages/5680.json]
[KKLINIKIN.in/wp-json/oembed/1.0/embed4b7c.json]
[KKLINIKIN.in/wp-json/oembed/1.0/embed5734]
[KKLINIKIN.in/wp-content/uploads/2022/01/pexels-cottonbro-4753996-scaled.jpg]
[KKLINIKIN.in/deconditioning/index.html]
[KKLINIKIN.in/wp-content/uploads/elementor/css/post-56857311.css]
[KKLINIKIN.in/wp-json/wp/v2/pages/5685.json]
[KKLINIKIN.in/wp-json/oembed/1.0/embed8972.json]
[KKLINIKIN.in/wp-json/oembed/1.0/embeda2cb]
[KKLINIKIN.in/wp-content/uploads/2022/01/pexels-kindel-media-7298421-scaled.jpg]
[KKLINIKIN.in/wp-content/uploads/2022/01/pexels-kindel-media-7298419-scaled.jpg]
[KKLINIKIN.in/orthopedic-physiotherapy/index.html]
[KKLINIKIN.in/wp-content/uploads/elementor/css/post-5961072a.css]
[KKLINIKIN.in/wp-json/wp/v2/pages/5961.json]
[KKLINIKIN.in/wp-json/oembed/1.0/embed3f28.json]
[KKLINIKIN.in/wp-json/oembed/1.0/embeded11]
[KKLINIKIN.in/wp-content/uploads/2022/01/pexels-jeandaniel-francoeur-4789457-scaled.jpg]
[KKLINIKIN.in/wp-content/uploads/2022/01/pexels-cottonbro-6777244.jpg]
[KKLINIKIN.in/sports-rehabilitation/index.html]
[KKLINIKIN.in/wp-content/uploads/elementor/css/post-5963072a.css]
[KKLINIKIN.in/wp-json/wp/v2/pages/5963.json]
[KKLINIKIN.in/wp-json/oembed/1.0/embede5bc.json]
[KKLINIKIN.in/wp-json/oembed/1.0/embedb08e]
[KKLINIKIN.in/wp-content/uploads/2022/01/pexels-vlada-karpovich-5790837-scaled.jpg]
[KKLINIKIN.in/geriatrics-care/index.html]
[KKLINIKIN.in/wp-content/uploads/elementor/css/post-63824347.css]
[KKLINIKIN.in/wp-json/wp/v2/pages/6382.json]
[KKLINIKIN.in/wp-json/oembed/1.0/embeda397.json]
[KKLINIKIN.in/wp-json/oembed/1.0/embedf953]
[KKLINIKIN.in/wp-content/uploads/2022/01/DRY-NEEDLING-scaled.jpg]
[KKLINIKIN.in/wp-content/uploads/2022/01/CUPPING-TREATMENT-scaled.jpg]
[KKLINIKIN.in/wp-content/uploads/2022/01/TAPING-scaled.jpg]
[KKLINIKIN.in/techniques/index.html]
[KKLINIKIN.in/wp-content/uploads/elementor/css/post-6115072a.css]
[KKLINIKIN.in/wp-json/wp/v2/pages/6115.json]
[KKLINIKIN.in/wp-json/oembed/1.0/embed8455.json]
[KKLINIKIN.in/wp-json/oembed/1.0/embed1537]
[KKLINIKIN.in/become-a-partner/index.html]
[KKLINIKIN.in/wp-content/plugins/elementor/assets/css/widget-accordion.min89ce.css]
[KKLINIKIN.in/wp-content/uploads/elementor/css/post-5053b6cb.css]
[KKLINIKIN.in/wp-json/wp/v2/pages/5053.json]
[KKLINIKIN.in/wp-json/oembed/1.0/embed0d57.json]
[KKLINIKIN.in/wp-json/oembed/1.0/embed8b77]
[KKLINIKIN.in/faqs/index.html]
[KKLINIKIN.in/wp-content/plugins/elementor/assets/css/widget-google_maps.min89ce.css]
[KKLINIKIN.in/wp-content/uploads/elementor/css/post-50485a9f.css]
[KKLINIKIN.in/wp-json/wp/v2/pages/5048.json]
[KKLINIKIN.in/wp-json/oembed/1.0/embedc6e4.json]
[KKLINIKIN.in/wp-json/oembed/1.0/embed8a9f]
[KKLINIKIN.in/contact-us/index.html]
[KKLINIKIN.in/wp-content/uploads/elementor/css/post-6470420b.css]
[KKLINIKIN.in/wp-json/wp/v2/pages/6470.json]
[KKLINIKIN.in/wp-json/oembed/1.0/embeda84f.json]
[KKLINIKIN.in/wp-json/oembed/1.0/embed3112]
[KKLINIKIN.in/wp-content/uploads/2022/02/Scan-pay.png]
[KKLINIKIN.in/pay-now/index.html]
[KKLINIKIN.in/wp-content/plugins/elementor/assets/css/widget-divider.min89ce.css]
[KKLINIKIN.in/wp-content/plugins/elementor/assets/css/widget-image-carousel.min89ce.css]
[KKLINIKIN.in/wp-content/uploads/elementor/css/post-70829bb4.css]
[KKLINIKIN.in/wp-json/wp/v2/pages/7082.json]
[KKLINIKIN.in/wp-json/oembed/1.0/embed5ced.json]
[KKLINIKIN.in/wp-json/oembed/1.0/embed7270]
[KKLINIKIN.in/wp-content/uploads/2022/01/massage-therapist-doing-massage-to-smiling-woman-on-massage-table-in-clinic.jpg]
[KKLINIKIN.in/wp-content/uploads/2022/01/senior-man-in-nursing-home-doing-physiotherapy.jpg]
[KKLINIKIN.in/wp-content/uploads/2022/01/physiotherapist-doing-manual-treatment.jpg]
[KKLINIKIN.in/wp-content/uploads/2022/01/knee-pain-osteopathy-treatment.jpg]
[KKLINIKIN.in/wp-content/uploads/2022/01/hands-of-clinician-in-blue-uniform-wrapping-injured-knee-of-young-patient.jpg]
[KKLINIKIN.in/wp-content/uploads/2023/01/ANI-KKLINIKIN-150x150.png]
[KKLINIKIN.in/wp-content/uploads/2023/01/The-Print-KKLINIKIN-150x150.png]
[KKLINIKIN.in/wp-content/uploads/2022/05/KKLINIKIN-News-150x150.png]
[KKLINIKIN.in/wp-content/uploads/2022/05/News-KKLINIKIN-150x150.png]
[KKLINIKIN.in/wp-content/uploads/2023/01/Asian-News-KKLINIKIN-150x150.png]
[KKLINIKIN.in/physio-at-home/index.html]
[KKLINIKIN.in/wp-content/plugins/elementor/assets/lib/swiper/v8/swiper.min94a4.js]
[KKLINIKIN.in/wp-content/uploads/elementor/css/post-6804a923.css]
[KKLINIKIN.in/why-physiotherapy-at-home-is-important/feed/index.html]
[KKLINIKIN.in/wp-json/wp/v2/posts/6804.json]
[KKLINIKIN.in/wp-json/oembed/1.0/embed043f.json]
[KKLINIKIN.in/wp-json/oembed/1.0/embedb186]
[KKLINIKIN.in/wp-content/uploads/2022/03/Get-Physiotherapy-at-home-in-Delhi-NCR.png]
[KKLINIKIN.in/wp-includes/js/comment-reply.mindd50.js]
[KKLINIKIN.in/why-physiotherapy-at-home-is-important/index.html]
[KKLINIKIN.in/wp-content/uploads/elementor/css/post-67228883.css]
[KKLINIKIN.in/physiotherapist-at-home-in-delhi/dwarka/index.html]
[KKLINIKIN.in/signs-and-symptoms-for-frozen-shoulder/feed/index.html]
[KKLINIKIN.in/wp-json/wp/v2/posts/6722.json]
[KKLINIKIN.in/wp-json/oembed/1.0/embedcc73.json]
[KKLINIKIN.in/wp-json/oembed/1.0/embedd3d3]
[KKLINIKIN.in/wp-content/uploads/2022/02/KKLINIKIN-Frozen-Shoulder-1920-×-1321-px.png]
[KKLINIKIN.in/signs-and-symptoms-for-frozen-shoulder/index.html]
[KKLINIKIN.in/wp-content/uploads/elementor/css/post-6422f7c3.css]
[KKLINIKIN.in/sciatica/feed/index.html]
[KKLINIKIN.in/wp-json/wp/v2/posts/6422.json]
[KKLINIKIN.in/wp-json/oembed/1.0/embede55a.json]
[KKLINIKIN.in/wp-json/oembed/1.0/embed53c5]
[KKLINIKIN.in/wp-content/uploads/2022/01/pexels-kindel-media-7298408.jpg]
[KKLINIKIN.in/sciatica/index.html]
[KKLINIKIN.in/wp-content/uploads/elementor/css/post-68388883.css]
[KKLINIKIN.in/wp-json/wp/v2/pages/6838.json]
[KKLINIKIN.in/wp-json/oembed/1.0/embed97c2.json]
[KKLINIKIN.in/wp-json/oembed/1.0/embedd893]
[KKLINIKIN.in/wp-content/uploads/2022/03/Get-Physiotherapy-at-home-in-Delhi-NCR-768x528-1.png]
[KKLINIKIN.in/wp-content/uploads/2022/03/KKLINIKIN-Frozen-Shoulder-1920-×-1321-px-768x528-1.png]
[KKLINIKIN.in/wp-content/uploads/2022/01/pexels-andrea-piacquadio-3760275-1024x705.jpg]
[KKLINIKIN.in/wp-content/uploads/2022/04/SCIATICA-1024x705.png]
[KKLINIKIN.in/wp-content/uploads/2022/04/difference-between-chiropractor-and-physiotherapist-1024x705.png]
[KKLINIKIN.in/wp-content/uploads/2022/05/Physiotherapy-and-Chiropractic-Treatment-1024x705.png]
[KKLINIKIN.in/wp-content/uploads/2022/05/Prevent-Back-Pain-1024x704.jpg]
[KKLINIKIN.in/wp-content/uploads/2022/05/Neck-Pain-and-Shoulder-Pain-for-Computer-Users-1024x705.png]
[KKLINIKIN.in/wp-content/uploads/2022/07/Lumbar-Spondylosis-KKLINIKIN-1024x704.jpg]
[KKLINIKIN.in/wp-content/uploads/2023/07/Benefits-of-Chiropractic-Treatment-1024x683.jpg]
[KKLINIKIN.in/patello-femoral-pain/index.html]
[KKLINIKIN.in/wp-content/uploads/2023/07/10-ways-physiotherapy-can-help-improve-your-overall-health-1024x683.jpg]
[KKLINIKIN.in/wp-content/uploads/2023/08/Signs-and-symptoms-of-cervical-spondylosis-1024x683.jpg]
[KKLINIKIN.in/wp-content/uploads/2023/08/Role-Of-IFT-for-Chronic-Pain-Releif-and-Rehabilitaion-1024x683.jpg]
[KKLINIKIN.in/blog-2/index.html]
[KKLINIKIN.in/difference-between-chiropractor-and-physiotherapist/index.html]
[KKLINIKIN.in/wp-content/uploads/elementor/css/post-6877ecbf.css]
[KKLINIKIN.in/physiotherapy-and-chiropractic-treatment/index.html]
[KKLINIKIN.in/wp-json/wp/v2/pages/6877.json]
[KKLINIKIN.in/how-to-get-rid-of-from-back-pain/index.html]
[KKLINIKIN.in/neck-and-shoulder-pain-for-computer-users/index.html]
[KKLINIKIN.in/wp-json/oembed/1.0/embedaae4.json]
[KKLINIKIN.in/lumbar-spondylosis/index.html]
[KKLINIKIN.in/5-surprising-benefits-of-chiropractic-treatment/index.html]
[KKLINIKIN.in/10-ways-physiotherapy-can-help-improve-your-overall-health/index.html]
[KKLINIKIN.in/cervical-spondylosis-causes-symptoms-and-treatment/index.html]
[KKLINIKIN.in/wp-json/oembed/1.0/embed67e4]
[KKLINIKIN.in/wp-content/uploads/2022/05/EDTimes-Logo-150x150.jpg]
[KKLINIKIN.in/physiotherapist-at-home-in-delhi/index.html]
[KKLINIKIN.in/the-role-of-ift-in-the-management-of-chronic-pain-and-rehabilitation/index.html]
[KKLINIKIN.in/wp-content/uploads/elementor/css/post-69228883.css]
[KKLINIKIN.in/wp-json/wp/v2/pages/6922.json]
[KKLINIKIN.in/wp-json/oembed/1.0/embed9638.json]
[KKLINIKIN.in/wp-json/oembed/1.0/embed8097]
[KKLINIKIN.in/physio-at-home-in-gurgaon/index.html]
[KKLINIKIN.in/wp-content/uploads/elementor/css/post-69246536.css]
[KKLINIKIN.in/wp-json/wp/v2/pages/6924.json]
[KKLINIKIN.in/wp-json/oembed/1.0/embedfb73.json]
[KKLINIKIN.in/wp-json/oembed/1.0/embedf5e4]
[KKLINIKIN.in/physio-at-home-in-noida/index.html]
[KKLINIKIN.in/wp-content/uploads/elementor/css/post-69264347.css]
[KKLINIKIN.in/wp-json/wp/v2/pages/6926.json]
[KKLINIKIN.in/wp-json/oembed/1.0/embed810e.json]
[KKLINIKIN.in/wp-json/oembed/1.0/embedd08b]
[KKLINIKIN.in/physio-at-home-in-ghaziabad/index.html]
[KKLINIKIN.in/wp-content/uploads/elementor/css/post-743522b0.css]
[KKLINIKIN.in/wp-json/wp/v2/pages/7435.json]
[KKLINIKIN.in/wp-json/oembed/1.0/embed4680.json]
[KKLINIKIN.in/wp-json/oembed/1.0/embed9a33]
[KKLINIKIN.in/physiotherapy-at-home-in-indirapuram/index.html]
[KKLINIKIN.in/wp-content/plugins/elementor/assets/lib/eicons/fonts/eiconsfcca.svg]
[KKLINIKIN.in/wp-content/plugins/elementor/assets/lib/font-awesome/webfonts/fa-brands-400.svg]
[KKLINIKIN.in/wp-content/plugins/elementor/assets/lib/font-awesome/webfonts/fa-solid-900.svg]
[KKLINIKIN.in/wp-content/plugins/elementor/assets/lib/font-awesome/webfonts/fa-regular-400.svg]
[KKLINIKIN.in/wp-content/uploads/2022/01/pexels-mikhail-nilov-8297442.jpg]
[KKLINIKIN.in/wp-content/uploads/elementor/css/post-50353c36.css]
[KKLINIKIN.in/wp-content/uploads/elementor/css/post-50375a9f.css]
[KKLINIKIN.in/wp-content/uploads/2022/06/WhatsApp-Image-2022-06-14-at-4.13.28-PM-2.jpg]
[KKLINIKIN.in/wp-content/uploads/elementor/css/post-72535a9f.css]
[KKLINIKIN.in/wp-content/uploads/2022/01/pexels-ryutaro-tsukata-5473215-1.jpg]
[KKLINIKIN.in/wp-content/uploads/elementor/css/post-5649c905.css]
[KKLINIKIN.in/wp-content/uploads/2022/01/pexels-kampus-production-6111584.jpg]
[KKLINIKIN.in/wp-content/uploads/elementor/css/post-5661df5f.css]
[KKLINIKIN.in/wp-content/uploads/2022/01/pexels-william-choquette-1954524.jpg]
[KKLINIKIN.in/wp-content/uploads/elementor/css/post-5670072a.css]
[KKLINIKIN.in/wp-content/uploads/2022/01/pexels-ryutaro-tsukata-5473177-1.jpg]
[KKLINIKIN.in/wp-content/uploads/elementor/css/post-56754347.css]
[KKLINIKIN.in/wp-content/uploads/2022/01/pexels-noelle-otto-906111.jpg]
[KKLINIKIN.in/wp-content/uploads/elementor/css/post-56807311.css]
[KKLINIKIN.in/wp-content/uploads/2022/01/pexels-cottonbro-6191130.jpg]
[KKLINIKIN.in/wp-content/uploads/elementor/css/post-56857311.css]
[KKLINIKIN.in/wp-content/uploads/2022/01/pexels-ron-lach-10643696.jpg]
[KKLINIKIN.in/wp-content/uploads/elementor/css/post-5961072a.css]
[KKLINIKIN.in/wp-content/uploads/2022/01/pexels-matthias-zomer-339620.jpg]
[KKLINIKIN.in/wp-content/uploads/elementor/css/post-5963072a.css]
[KKLINIKIN.in/wp-content/uploads/2022/01/pexels-cliff-booth-4056723.jpg]
[KKLINIKIN.in/wp-content/uploads/elementor/css/post-63824347.css]
[KKLINIKIN.in/wp-content/uploads/2022/01/pexels-sora-shimazaki-5673488.jpg]
[KKLINIKIN.in/wp-content/uploads/elementor/css/post-6115072a.css]
[KKLINIKIN.in/wp-content/plugins/elementor/assets/css/widget-accordion.min89ce.css]
[KKLINIKIN.in/wp-content/uploads/2022/01/pexels-ann-h-2789781-1.jpg]
[KKLINIKIN.in/wp-content/uploads/elementor/css/post-5053b6cb.css]
[KKLINIKIN.in/wp-content/plugins/elementor/assets/css/widget-google_maps.min89ce.css]
[KKLINIKIN.in/wp-content/uploads/2022/01/pexels-alex-andrews-821754.jpg]
[KKLINIKIN.in/wp-content/uploads/elementor/css/post-50485a9f.css]
[KKLINIKIN.in/wp-content/uploads/elementor/css/post-6470420b.css]
[KKLINIKIN.in/wp-content/plugins/elementor/assets/css/widget-divider.min89ce.css]
[KKLINIKIN.in/wp-content/plugins/elementor/assets/css/widget-image-carousel.min89ce.css]
[KKLINIKIN.in/wp-content/uploads/2022/01/smiling-physiotherapist-with-diagnosis-and-pen-gesturing-near-patient-in-hospital.jpg]
[KKLINIKIN.in/wp-content/uploads/2022/01/physiotherapist-massaging-back-of-man-lying-on-massage-table-in-hospital.jpg]
[KKLINIKIN.in/wp-content/uploads/2022/01/panoramic-shot-of-smiling-physiotherapist-with-diagnosis-near-patient-in-hospital.jpg]
[KKLINIKIN.in/wp-content/uploads/elementor/css/post-70829bb4.css]
[KKLINIKIN.in/wp-content/uploads/elementor/css/post-6804a923.css]
[KKLINIKIN.in/wp-content/uploads/elementor/css/post-74689bb4.css]
[KKLINIKIN.in/wp-json/wp/v2/pages/7468.json]
[KKLINIKIN.in/wp-json/oembed/1.0/embedb69d.json]
[KKLINIKIN.in/wp-json/oembed/1.0/embed9558]
[KKLINIKIN.in/physiotherapist-at-home-in-delhi/dwarka/index.html]
[KKLINIKIN.in/wp-content/uploads/elementor/css/post-67228883.css]
[KKLINIKIN.in/wp-content/uploads/elementor/css/post-6422f7c3.css]
[KKLINIKIN.in/wp-content/uploads/elementor/css/post-68388883.css]
[KKLINIKIN.in/wp-content/uploads/elementor/css/post-6439a92c.css]
[KKLINIKIN.in/patello-femoral-pain/feed/index.html]
[KKLINIKIN.in/wp-json/wp/v2/posts/6439.json]
[KKLINIKIN.in/wp-json/oembed/1.0/embeda5dc.json]
[KKLINIKIN.in/wp-json/oembed/1.0/embed6d5b]
[KKLINIKIN.in/patello-femoral-pain/index.html]
[KKLINIKIN.in/wp-content/uploads/elementor/css/post-7030a923.css]
[KKLINIKIN.in/difference-between-chiropractor-and-physiotherapist/feed/index.html]
[KKLINIKIN.in/wp-json/wp/v2/posts/7030.json]
[KKLINIKIN.in/wp-json/oembed/1.0/embed318a.json]
[KKLINIKIN.in/wp-json/oembed/1.0/embed94e1]
[KKLINIKIN.in/wp-content/uploads/2022/04/difference-between-chiropractor-and-physiotherapist.png]
[KKLINIKIN.in/difference-between-chiropractor-and-physiotherapist/index.html]
[KKLINIKIN.in/wp-content/uploads/elementor/css/post-7105a923.css]
[KKLINIKIN.in/physiotherapy-and-chiropractic-treatment/feed/index.html]
[KKLINIKIN.in/wp-json/wp/v2/posts/7105.json]
[KKLINIKIN.in/wp-json/oembed/1.0/embedd1c1.json]
[KKLINIKIN.in/wp-json/oembed/1.0/embed962d]
[KKLINIKIN.in/wp-content/uploads/2022/05/Physiotherapy-and-Chiropractic-Treatment.png]
[KKLINIKIN.in/physiotherapy-and-chiropractic-treatment/index.html]
[KKLINIKIN.in/wp-content/uploads/elementor/css/post-7138a923.css]
[KKLINIKIN.in/wp-json/wp/v2/posts/7138.json]
[KKLINIKIN.in/how-to-get-rid-of-from-back-pain/feed/index.html]
[KKLINIKIN.in/wp-json/oembed/1.0/embed153f.json]
[KKLINIKIN.in/wp-json/oembed/1.0/embed8fd5]
[KKLINIKIN.in/wp-content/uploads/2022/05/Prevent-Back-Pain.jpg]
[KKLINIKIN.in/how-to-get-rid-of-from-back-pain/index.html]
[KKLINIKIN.in/wp-content/uploads/elementor/css/post-7193a923.css]
[KKLINIKIN.in/neck-and-shoulder-pain-for-computer-users/feed/index.html]
[KKLINIKIN.in/wp-json/wp/v2/posts/7193.json]
[KKLINIKIN.in/wp-json/oembed/1.0/embedf5b8.json]
[KKLINIKIN.in/wp-json/oembed/1.0/embed3d74]
[KKLINIKIN.in/wp-content/uploads/2022/05/Neck-Pain-and-Shoulder-Pain-for-Computer-Users.png]
[KKLINIKIN.in/neck-and-shoulder-pain-for-computer-users/index.html]
[KKLINIKIN.in/wp-content/uploads/elementor/css/post-7450a923.css]
[KKLINIKIN.in/lumbar-spondylosis/feed/index.html]
[KKLINIKIN.in/wp-json/wp/v2/posts/7450.json]
[KKLINIKIN.in/wp-json/oembed/1.0/embed67cd.json]
[KKLINIKIN.in/wp-json/oembed/1.0/embed8835]
[KKLINIKIN.in/wp-content/uploads/2022/07/Lumbar-Spondylosis-KKLINIKIN.jpg]
[KKLINIKIN.in/lumbar-spondylosis/index.html]
[KKLINIKIN.in/wp-content/uploads/elementor/css/post-8301a923.css]
[KKLINIKIN.in/wp-json/wp/v2/posts/8301.json]
[KKLINIKIN.in/5-surprising-benefits-of-chiropractic-treatment/feed/index.html]
[KKLINIKIN.in/wp-json/oembed/1.0/embedb405.json]
[KKLINIKIN.in/wp-json/oembed/1.0/embeda1a7]
[KKLINIKIN.in/wp-content/uploads/2023/07/Benefits-of-Chiropractic-Treatment.jpg]
[KKLINIKIN.in/5-surprising-benefits-of-chiropractic-treatment/index.html]
[KKLINIKIN.in/wp-content/uploads/elementor/css/post-8312a923.css]
[KKLINIKIN.in/wp-json/wp/v2/posts/8312.json]
[KKLINIKIN.in/10-ways-physiotherapy-can-help-improve-your-overall-health/feed/index.html]
[KKLINIKIN.in/wp-json/oembed/1.0/embed7748.json]
[KKLINIKIN.in/wp-json/oembed/1.0/embedfcc0]
[KKLINIKIN.in/wp-content/uploads/2023/07/10-ways-physiotherapy-can-help-improve-your-overall-health.jpg]
[KKLINIKIN.in/10-ways-physiotherapy-can-help-improve-your-overall-health/index.html]
[KKLINIKIN.in/wp-content/uploads/elementor/css/post-8340a923.css]
[KKLINIKIN.in/cervical-spondylosis-causes-symptoms-and-treatment/feed/index.html]
[KKLINIKIN.in/wp-json/wp/v2/posts/8340.json]
[KKLINIKIN.in/wp-json/oembed/1.0/embedca28.json]
[KKLINIKIN.in/wp-json/oembed/1.0/embedcbde]
[KKLINIKIN.in/wp-content/uploads/2023/08/Signs-and-symptoms-of-cervical-spondylosis.jpg]
[KKLINIKIN.in/cervical-spondylosis-causes-symptoms-and-treatment/index.html]
[KKLINIKIN.in/wp-content/uploads/elementor/css/post-8357a923.css]
[KKLINIKIN.in/the-role-of-ift-in-the-management-of-chronic-pain-and-rehabilitation/feed/index.html]
[KKLINIKIN.in/wp-json/wp/v2/posts/8357.json]
[KKLINIKIN.in/wp-json/oembed/1.0/embedf8b4.json]
[KKLINIKIN.in/wp-json/oembed/1.0/embedbe67]
[KKLINIKIN.in/wp-content/uploads/2023/08/Role-Of-IFT-for-Chronic-Pain-Releif-and-Rehabilitaion.jpg]
[KKLINIKIN.in/the-role-of-ift-in-the-management-of-chronic-pain-and-rehabilitation/index.html]
[KKLINIKIN.in/wp-content/uploads/elementor/css/post-6877ecbf.css]
[KKLINIKIN.in/wp-content/uploads/elementor/css/post-69228883.css]
[KKLINIKIN.in/wp-content/uploads/elementor/css/post-69246536.css]
[KKLINIKIN.in/wp-content/uploads/elementor/css/post-69264347.css]
[KKLINIKIN.in/wp-content/uploads/elementor/css/post-743522b0.css]
[KKLINIKIN.in/wp-content/uploads/elementor/css/post-74689bb4.css]
[KKLINIKIN.in/wp-content/uploads/elementor/css/post-6439a92c.css]
[KKLINIKIN.in/wp-content/uploads/elementor/css/post-7030a923.css]
[KKLINIKIN.in/wp-content/uploads/elementor/css/post-7105a923.css]
[KKLINIKIN.in/wp-content/uploads/elementor/css/post-7138a923.css]
[KKLINIKIN.in/wp-content/uploads/elementor/css/post-7193a923.css]
[KKLINIKIN.in/wp-content/uploads/elementor/css/post-7450a923.css]
[KKLINIKIN.in/wp-content/uploads/elementor/css/post-8301a923.css]
[KKLINIKIN.in/wp-content/uploads/elementor/css/post-8312a923.css]
[KKLINIKIN.in/wp-content/uploads/elementor/css/post-8340a923.css]
[KKLINIKIN.in/wp-content/uploads/elementor/css/post-8357a923.css]
